// Jest Snapshot v1, https://goo.gl/fbAQLP

exports[`Presentation unit tests should render correctly 1`] = `
.c0 {
  padding-bottom: 30px;
}

.c0 h3 {
  font-size: 16px;
  margin: 20px 0;
  color: #9e9577;
  font-weight: 600;
}

.c0 p {
  font-size: 14px;
  line-height: 20px;
  color: #0d171b;
  padding: 10px 0;
  text-align: justify;
}

.c0 ol {
  list-style: none;
  counter-reset: styled-counter;
  display: -webkit-box;
  display: -webkit-flex;
  display: -ms-flexbox;
  display: flex;
  -webkit-flex-wrap: wrap;
  -ms-flex-wrap: wrap;
  flex-wrap: wrap;
  margin: 0;
  padding: 0;
}

.c0 ol li {
  counter-increment: styled-counter;
  display: -webkit-box;
  display: -webkit-flex;
  display: -ms-flexbox;
  display: flex;
  -webkit-align-items: center;
  -webkit-box-align: center;
  -ms-flex-align: center;
  align-items: center;
  margin: 10px 0;
  width: 50%;
}

.c0 ol li h4 {
  color: #6d6e71;
  font-size: 16px;
  font-weight: 500;
  padding-right: 10px;
}

.c0 ol li::before {
  -webkit-align-items: center;
  -webkit-box-align: center;
  -ms-flex-align: center;
  align-items: center;
  color: #6d6e71;
  content: '0' counter(styled-counter);
  display: -webkit-box;
  display: -webkit-flex;
  display: -ms-flexbox;
  display: flex;
  font-family: 'Abril Fatface',serif;
  font-size: 30px;
  font-weight: bold;
  line-height: 1;
  margin-right: 5px;
}

.c0 a {
  color: #6d6e71;
  font-weight: 800;
}

.c0 ul {
  list-style: none;
  display: -webkit-box;
  display: -webkit-flex;
  display: -ms-flexbox;
  display: flex;
  -webkit-flex-wrap: wrap;
  -ms-flex-wrap: wrap;
  flex-wrap: wrap;
  margin: 0;
  padding: 0;
}

.c0 ul li {
  counter-increment: styled-counter;
  display: -webkit-box;
  display: -webkit-flex;
  display: -ms-flexbox;
  display: flex;
  margin: 10px 0;
  width: 50%;
}

.c0 ul li h4 {
  color: #6d6e71;
  font-size: 16px;
  font-weight: 500;
  padding-right: 10px;
}

.c1 {
  text-align: center;
}

.c1 iframe {
  width: 560px;
  height: 315px;
}

@media (max-width:640px) {
  .c0 ol li {
    width: 100%;
  }
}

@media (max-width:640px) {
  .c0 ul li {
    width: 100%;
  }
}

@media (max-width:640px) {
  .c1 iframe {
    width: 100%;
    max-width: 560px;
    max-height: 315px;
    height: 100%;
    height: -moz-available;
    height: -webkit-fill-available;
    height: -webkit-fill-available;
    height: -moz-available;
    height: fill-available;
  }
}

<div>
  <article
    class="c0"
  >
    <h3>
      Qui sommes-nous ?
    </h3>
    
    
    <p>
      VELO LONGCHAMP est une association de cyclistes pour les cyclistes
    </p>
    
    
    <p>
      A l’origine, nous avons porté un projet de rénovation de l’anneau de Longchamp dans le cadre du budget participatif Paris 2020. Grand succès puisque notre projet a été retenu et des fonds alloués (500 K€ provisionnés) ! Notre mission première est de suivre ce projet pour que la rénovation de l’anneau soit rapide et réponde aux besoins des cyclistes.
    </p>
    
    
    <p>
      Mais notre vision est plus large et pourrait se résumer ainsi : 
      <strong>
        Défendre et promouvoir l’anneau de Longchamp pour que toutes et tous, nous puissions faire du vélo dans les meilleures conditions.
      </strong>
    </p>
    
    
    <p>
      Ainsi, nous nous impliquons activement dans différents projets comme le développement de la pratique du vélo par les jeunes et le soutien de la pratique handisport. Rappelons qu’en étant protégé de la circulation des voitures, l’anneau de Lonchamp est particulièrement adapté à l’entrainement des sportifs handisports.
    </p>
    
    
    <p>
      Fort de l’adhésion de plusieurs centaines de membres, et de l’affiliation de nombreux clubs sportifs parisiens et franciliens, nous sommes fiers de compter dans nos rangs tous les profils et toutes les pratiques cyclistes, sans distinction d’âge, de genre, de niveau, ou même de type de vélo ! Nous avons par exemple des pratiquants de tandem (certains malvoyants ou aveugles) et de vélo couché.
    </p>
     
    
    <p
      id="statuts-links"
    >
      <a
        href="/statuts"
      >
        Consulter nos statuts
      </a>
    </p>
    <h3>
      Pourquoi une association Vélo Longchamp ?
    </h3>
    
    
    <p>
      L’anneau cyclable de Lonchamp est l’un des rares et précieux endroits où l’on peut rouler à son rythme, en sécurité, protégé des voitures. D’ailleurs, c’est le segment le plus roulé de France, de très loin, d’après l’application Strava. C’est donc un site sportif incontournable !
    </p>
    
    
    <p>
      Comme l’anneau similaire de Vincennes (Polygone), l'anneau cyclable de Longchamp est devenu une véritable institution pour les cyclistes sportifs de Paris et de sa proche banlieue. Des centaines de cyclistes sportifs amateurs (et professionnels) s'y entrainent tous les jours ainsi que de nombreux marcheurs et coureurs à pied qui tournent en sens inverse sur son trottoir intérieur.
    </p>
    
    
    <p>
      Pourtant, les années passent et les conditions se dégradent : revêtement abimé, marquage au sol effacé, signalisation défaillante ou absente, conflits d'usage fréquents avec les véhicules stationnant ou entrant et sortant de l'hippodrome, manque de concertation avec les autres usagers. Il est temps de réaménager l’anneau pour que nous, et les générations suivantes, puissions rouler dans des conditions parfaitement sûres et confortables.
    </p>
    
    
    <h3>
      Decouvrez les règles essentielles pour rouler à Longchamp :
    </h3>
    <div
      class="c1"
    >
      <iframe
        allow="accelerometer; autoplay; encrypted-media; gyroscope; picture-in-picture"
        allowfullscreen=""
        frameborder="0"
        src="https://www.youtube.com/embed/ZTRj9R6s-JI"
        title="Les règles essentielles de Longchamp"
      />
    </div>
  </article>
</div>
`;
